dem@calculate ~/vagrant/07_1_DZ $ vagrant ssh

[vagrant@grub-test ~]$ sudo -i

[root@grub-test ~]# cd /usr/lib/dracut/modules.d

[root@grub-test modules.d]# mkdir 01test

[root@grub-test modules.d]# cd 01test/

[root@grub-test 01test]# touch module-setup.sh

[root@grub-test 01test]# touch test.sh

[root@grub-test 01test]# chmod a+x module-setup.sh test.sh 

[root@grub-test 01test]# nano module-setup.sh 
...

[root@grub-test 01test]# cat module-setup.sh 
#!/bin/bash

check() {
    return 0
}

depends() {
    return 0
}

install() {
    inst_hook cleanup 00 "${moddir}/test.sh"
}

[root@grub-test 01test]# nano test.sh 
...

[root@grub-test 01test]# cat test.sh 
#!/bin/bash

exec 0<>/dev/console 1<>/dev/console 2<>/dev/console
cat <<'msgend'
Hello! You are in dracut module!
 ___________________
< I'm dracut module >
 -------------------
   \
    \
        .--.
       |o_o |
       |:_/ |
      //   \ \
     (|     | )
    /'\_   _/`\
    \___)=(___/
msgend
sleep 10
echo " continuing...."


[root@grub-test 01test]# cd /boot

[root@grub-test boot]# mv initramfs-3.10.0-862.2.3.el7.x86_64.img initramfs-3.10.0-862.2.3.el7.x86_64.img  .old

[root@grub-test boot]# dracut initramfs-`uname -r`.img
/sbin/dracut: line 655: warning: setlocale: LC_MESSAGES: cannot change locale (ru_RU.UTF-8): No such file or directory
/sbin/dracut: line 656: warning: setlocale: LC_CTYPE: cannot change locale (ru_RU.UTF-8): No such file or directory

[root@grub-test boot]# ll
total 40296
-rw-------. 1 root root  3409102 May  9  2018 System.map-3.10.0-862.2.3.el7.x86_64
-rw-r--r--. 1 root root   147823 May  9  2018 config-3.10.0-862.2.3.el7.x86_64
drwxr-xr-x. 3 root root       17 May 12  2018 efi
drwxr-xr-x. 2 root root       27 May 12  2018 grub
drwx------. 5 root root       97 May 12  2018 grub2
-rw-------. 1 root root 14658055 Apr 17 15:20 initramfs-3.10.0-862.2.3.el7.x86_64.img
-rw-------. 1 root root 16506787 May 12  2018 initramfs-3.10.0-862.2.3.el7.x86_64.img.old
-rw-r--r--. 1 root root   304926 May  9  2018 symvers-3.10.0-862.2.3.el7.x86_64.gz
-rwxr-xr-x. 1 root root  6225056 May  9  2018 vmlinuz-3.10.0-862.2.3.el7.x86_64

[root@grub-test boot]# lsinitrd -m initramfs-3.10.0-862.2.3.el7.x86_64.img | grep test
test

[root@grub-test boot]# nano /boot/grub2/grub.cfg 
...

[root@grub-test boot]# cat /boot/grub2/grub.cfg
#
# DO NOT EDIT THIS FILE
#
# It is automatically generated by grub2-mkconfig using templates
# from /etc/grub.d and settings from /etc/default/grub
#

### BEGIN /etc/grub.d/00_header ###
set pager=1

if [ -s $prefix/grubenv ]; then
  load_env
fi
if [ "${next_entry}" ] ; then
   set default="${next_entry}"
   set next_entry=
   save_env next_entry
   set boot_once=true
else
   set default="${saved_entry}"
fi

if [ x"${feature_menuentry_id}" = xy ]; then
  menuentry_id_option="--id"
else
  menuentry_id_option=""
fi

export menuentry_id_option

if [ "${prev_saved_entry}" ]; then
  set saved_entry="${prev_saved_entry}"
  save_env saved_entry
  set prev_saved_entry=
  save_env prev_saved_entry
  set boot_once=true
fi

function savedefault {
  if [ -z "${boot_once}" ]; then
    saved_entry="${chosen}"
    save_env saved_entry
  fi
}

function load_video {
  if [ x$feature_all_video_module = xy ]; then
    insmod all_video
  else
    insmod efi_gop
    insmod efi_uga
    insmod ieee1275_fb
    insmod vbe
    insmod vga
    insmod video_bochs
    insmod video_cirrus
  fi
}

terminal_output console
if [ x$feature_timeout_style = xy ] ; then
  set timeout_style=menu
  set timeout=1
# Fallback normal timeout code in case the timeout_style feature is
# unavailable.
else
  set timeout=1
fi
### END /etc/grub.d/00_header ###

### BEGIN /etc/grub.d/00_tuned ###
set tuned_params=""
set tuned_initrd=""
### END /etc/grub.d/00_tuned ###

### BEGIN /etc/grub.d/01_users ###
if [ -f ${prefix}/user.cfg ]; then
  source ${prefix}/user.cfg
  if [ -n "${GRUB2_PASSWORD}" ]; then
    set superusers="root"
    export superusers
    password_pbkdf2 root ${GRUB2_PASSWORD}
  fi
fi
### END /etc/grub.d/01_users ###

### BEGIN /etc/grub.d/10_linux ###
menuentry 'CentOS Linux (3.10.0-862.2.3.el7.x86_64) 7 (Core)' --class centos --class gnu-linux --class gnu --class os --unrestricted $menuentry_id_option 'gnulinux-3.10.0-862.2.3.el7.x86_64-advanced-b60e9498-0baa-4d9f-90aa-069048217fee' {
	load_video
	set gfxpayload=keep
	insmod gzio
	insmod part_msdos
	insmod xfs
	set root='hd0,msdos2'
	if [ x$feature_platform_search_hint = xy ]; then
	  search --no-floppy --fs-uuid --set=root --hint='hd0,msdos2'  570897ca-e759-4c81-90cf-389da6eee4cc
	else
	  search --no-floppy --fs-uuid --set=root 570897ca-e759-4c81-90cf-389da6eee4cc
	fi
	linux16 /vmlinuz-3.10.0-862.2.3.el7.x86_64 root=/dev/mapper/VolGroup00-LogVol00 ro no_timer_check console=tty0 console=ttyS0,115200n8 net.ifnames=0 biosdevname=0 elevator=noop crashkernel=auto rd.lvm.lv=VolGroup00/LogVol00 rd.lvm.lv=VolGroup00/LogVol01 
	initrd16 /initramfs-3.10.0-862.2.3.el7.x86_64.img
}
if [ "x$default" = 'CentOS Linux (3.10.0-862.2.3.el7.x86_64) 7 (Core)' ]; then default='Advanced options for CentOS Linux>CentOS Linux (3.10.0-862.2.3.el7.x86_64) 7 (Core)'; fi;
### END /etc/grub.d/10_linux ###

### BEGIN /etc/grub.d/20_linux_xen ###
### END /etc/grub.d/20_linux_xen ###

### BEGIN /etc/grub.d/20_ppc_terminfo ###
### END /etc/grub.d/20_ppc_terminfo ###

### BEGIN /etc/grub.d/30_os-prober ###
### END /etc/grub.d/30_os-prober ###

### BEGIN /etc/grub.d/40_custom ###
# This file provides an easy way to add custom menu entries.  Simply type the
# menu entries you want to add after this comment.  Be careful not to change
# the 'exec tail' line above.
### END /etc/grub.d/40_custom ###

### BEGIN /etc/grub.d/41_custom ###
if [ -f  ${config_directory}/custom.cfg ]; then
  source ${config_directory}/custom.cfg
elif [ -z "${config_directory}" -a -f  $prefix/custom.cfg ]; then
  source $prefix/custom.cfg;
fi
### END /etc/grub.d/41_custom ###

[root@grub-test boot]# reboot

dem@calculate ~/vagrant/07_1_DZ exit
exit

